
===========================================================================
report_checks -unconstrained
============================================================================
Startpoint: analog_io[5] (input port clocked by user_clock2)
Endpoint: col_driver_west/Vref (internal pin)
Path Group: (none)
Path Type: max

Fanout     Cap    Slew   Delay    Time   Description
-----------------------------------------------------------------------------
                          2.00    2.00 ^ input external delay
                  1.85    2.14    4.14 ^ analog_io[5] (inout)
     1    0.03                           analog_io[5] (net)
                  2.91    0.00    4.14 ^ col_driver_west/Vref (col_driver)
                                  4.14   data arrival time
-----------------------------------------------------------------------------
(Path is unconstrained)



===========================================================================
report_checks --slack_max -0.01
============================================================================
No paths found.
